{
  "id": 2,
  "name": "Test profile copied_copy",
  "description": "Description test copied_copy",
  "taskList": [1,3]
}